// Jest Snapshot v1, https://goo.gl/fbAQLP

exports[`Counter Component Debe hacer match con la snapshot 1`] = `
<h3>Counter</h3>
<p>0</p>
<div><button>+1</button><button>-1</button></div>
`;
