// Jest Snapshot v1, https://goo.gl/fbAQLP

exports[`Indecision component debe hacer match con la SnapShot 1`] = `
<!--v-if-->
<div class="bg-dark"></div>
<div class="indecision-container"><input type="text" placeholder="Hazme una pregunta">
  <p>Recuerda terminar con signo de interrogaci√≥n (?)</p>
  <!--v-if-->
</div>
`;
